Archive member included because of file (symbol)

c:/winavr-20100110/bin/../lib/gcc/avr/4.3.3/avr4\libgcc.a(_divmodhi4.o)
                              ./main.o (__divmodhi4)
c:/winavr-20100110/bin/../lib/gcc/avr/4.3.3/avr4\libgcc.a(_exit.o)
                              c:/winavr-20100110/bin/../lib/gcc/avr/4.3.3/../../../../avr/lib/avr4/crtm8.o (exit)
c:/winavr-20100110/bin/../lib/gcc/avr/4.3.3/avr4\libgcc.a(_copy_data.o)
                              ./main.o (__do_copy_data)
c:/winavr-20100110/bin/../lib/gcc/avr/4.3.3/avr4\libgcc.a(_mul_sf.o)
                              ./main.o (__mulsf3)
c:/winavr-20100110/bin/../lib/gcc/avr/4.3.3/avr4\libgcc.a(_div_sf.o)
                              ./main.o (__divsf3)
c:/winavr-20100110/bin/../lib/gcc/avr/4.3.3/avr4\libgcc.a(_si_to_sf.o)
                              ./main.o (__floatsisf)
c:/winavr-20100110/bin/../lib/gcc/avr/4.3.3/avr4\libgcc.a(_sf_to_si.o)
                              ./main.o (__fixsfsi)
c:/winavr-20100110/bin/../lib/gcc/avr/4.3.3/avr4\libgcc.a(_thenan_sf.o)
                              c:/winavr-20100110/bin/../lib/gcc/avr/4.3.3/avr4\libgcc.a(_mul_sf.o) (__thenan_sf)
c:/winavr-20100110/bin/../lib/gcc/avr/4.3.3/avr4\libgcc.a(_udivmodhi4.o)
                              c:/winavr-20100110/bin/../lib/gcc/avr/4.3.3/avr4\libgcc.a(_divmodhi4.o) (__udivmodhi4)
c:/winavr-20100110/bin/../lib/gcc/avr/4.3.3/avr4\libgcc.a(_prologue.o)
                              c:/winavr-20100110/bin/../lib/gcc/avr/4.3.3/avr4\libgcc.a(_mul_sf.o) (__prologue_saves__)
c:/winavr-20100110/bin/../lib/gcc/avr/4.3.3/avr4\libgcc.a(_epilogue.o)
                              c:/winavr-20100110/bin/../lib/gcc/avr/4.3.3/avr4\libgcc.a(_mul_sf.o) (__epilogue_restores__)
c:/winavr-20100110/bin/../lib/gcc/avr/4.3.3/avr4\libgcc.a(_clzsi2.o)
                              c:/winavr-20100110/bin/../lib/gcc/avr/4.3.3/avr4\libgcc.a(_si_to_sf.o) (__clzsi2)
c:/winavr-20100110/bin/../lib/gcc/avr/4.3.3/avr4\libgcc.a(_pack_sf.o)
                              c:/winavr-20100110/bin/../lib/gcc/avr/4.3.3/avr4\libgcc.a(_mul_sf.o) (__pack_f)
c:/winavr-20100110/bin/../lib/gcc/avr/4.3.3/avr4\libgcc.a(_unpack_sf.o)
                              c:/winavr-20100110/bin/../lib/gcc/avr/4.3.3/avr4\libgcc.a(_mul_sf.o) (__unpack_f)
c:/winavr-20100110/bin/../lib/gcc/avr/4.3.3/avr4\libgcc.a(_clz.o)
                              c:/winavr-20100110/bin/../lib/gcc/avr/4.3.3/avr4\libgcc.a(_clzsi2.o) (__clz_tab)
c:/winavr-20100110/bin/../lib/gcc/avr/4.3.3/../../../../avr/lib/avr4\libc.a(sprintf.o)
                              ./main.o (sprintf)
c:/winavr-20100110/bin/../lib/gcc/avr/4.3.3/../../../../avr/lib/avr4\libc.a(vfprintf_std.o)
                              c:/winavr-20100110/bin/../lib/gcc/avr/4.3.3/../../../../avr/lib/avr4\libc.a(sprintf.o) (vfprintf)
c:/winavr-20100110/bin/../lib/gcc/avr/4.3.3/../../../../avr/lib/avr4\libc.a(strnlen_P.o)
                              c:/winavr-20100110/bin/../lib/gcc/avr/4.3.3/../../../../avr/lib/avr4\libc.a(vfprintf_std.o) (strnlen_P)
c:/winavr-20100110/bin/../lib/gcc/avr/4.3.3/../../../../avr/lib/avr4\libc.a(strnlen.o)
                              c:/winavr-20100110/bin/../lib/gcc/avr/4.3.3/../../../../avr/lib/avr4\libc.a(vfprintf_std.o) (strnlen)
c:/winavr-20100110/bin/../lib/gcc/avr/4.3.3/../../../../avr/lib/avr4\libc.a(fputc.o)
                              c:/winavr-20100110/bin/../lib/gcc/avr/4.3.3/../../../../avr/lib/avr4\libc.a(vfprintf_std.o) (fputc)
c:/winavr-20100110/bin/../lib/gcc/avr/4.3.3/../../../../avr/lib/avr4\libc.a(ultoa_invert.o)
                              c:/winavr-20100110/bin/../lib/gcc/avr/4.3.3/../../../../avr/lib/avr4\libc.a(vfprintf_std.o) (__ultoa_invert)

Memory Configuration

Name             Origin             Length             Attributes
text             0x00000000         0x00002000         xr
data             0x00800060         0x0000ffa0         rw !x
eeprom           0x00810000         0x00010000         rw !x
fuse             0x00820000         0x00000400         rw !x
lock             0x00830000         0x00000400         rw !x
signature        0x00840000         0x00000400         rw !x
*default*        0x00000000         0xffffffff

Linker script and memory map

LOAD c:/winavr-20100110/bin/../lib/gcc/avr/4.3.3/../../../../avr/lib/avr4/crtm8.o
LOAD ./HD44780.o
LOAD ./main.o
LOAD c:/winavr-20100110/bin/../lib/gcc/avr/4.3.3/avr4\libgcc.a
LOAD c:/winavr-20100110/bin/../lib/gcc/avr/4.3.3/../../../../avr/lib/avr4\libc.a
LOAD c:/winavr-20100110/bin/../lib/gcc/avr/4.3.3/avr4\libgcc.a

.hash
 *(.hash)

.dynsym
 *(.dynsym)

.dynstr
 *(.dynstr)

.gnu.version
 *(.gnu.version)

.gnu.version_d
 *(.gnu.version_d)

.gnu.version_r
 *(.gnu.version_r)

.rel.init
 *(.rel.init)

.rela.init
 *(.rela.init)

.rel.text
 *(.rel.text)
 *(.rel.text.*)
 *(.rel.gnu.linkonce.t*)

.rela.text
 *(.rela.text)
 *(.rela.text.*)
 *(.rela.gnu.linkonce.t*)

.rel.fini
 *(.rel.fini)

.rela.fini
 *(.rela.fini)

.rel.rodata
 *(.rel.rodata)
 *(.rel.rodata.*)
 *(.rel.gnu.linkonce.r*)

.rela.rodata
 *(.rela.rodata)
 *(.rela.rodata.*)
 *(.rela.gnu.linkonce.r*)

.rel.data
 *(.rel.data)
 *(.rel.data.*)
 *(.rel.gnu.linkonce.d*)

.rela.data
 *(.rela.data)
 *(.rela.data.*)
 *(.rela.gnu.linkonce.d*)

.rel.ctors
 *(.rel.ctors)

.rela.ctors
 *(.rela.ctors)

.rel.dtors
 *(.rel.dtors)

.rela.dtors
 *(.rela.dtors)

.rel.got
 *(.rel.got)

.rela.got
 *(.rela.got)

.rel.bss
 *(.rel.bss)

.rela.bss
 *(.rela.bss)

.rel.plt
 *(.rel.plt)

.rela.plt
 *(.rela.plt)

.text           0x00000000     0x111a
 *(.vectors)
 .vectors       0x00000000       0x26 c:/winavr-20100110/bin/../lib/gcc/avr/4.3.3/../../../../avr/lib/avr4/crtm8.o
                0x00000000                __vectors
                0x00000000                __vector_default
 *(.vectors)
 *(.progmem.gcc*)
 *(.progmem*)
                0x00000026                . = ALIGN (0x2)
                0x00000026                __trampolines_start = .
 *(.trampolines)
 .trampolines   0x00000026        0x0 linker stubs
 *(.trampolines*)
                0x00000026                __trampolines_end = .
 *(.jumptables)
 *(.jumptables*)
 *(.lowtext)
 *(.lowtext*)
                0x00000026                __ctors_start = .
 *(.ctors)
                0x00000026                __ctors_end = .
                0x00000026                __dtors_start = .
 *(.dtors)
                0x00000026                __dtors_end = .
 SORT(*)(.ctors)
 SORT(*)(.dtors)
 *(.init0)
 .init0         0x00000026        0x0 c:/winavr-20100110/bin/../lib/gcc/avr/4.3.3/../../../../avr/lib/avr4/crtm8.o
                0x00000026                __init
 *(.init0)
 *(.init1)
 *(.init1)
 *(.init2)
 .init2         0x00000026        0xc c:/winavr-20100110/bin/../lib/gcc/avr/4.3.3/../../../../avr/lib/avr4/crtm8.o
 *(.init2)
 *(.init3)
 *(.init3)
 *(.init4)
 .init4         0x00000032       0x16 c:/winavr-20100110/bin/../lib/gcc/avr/4.3.3/avr4\libgcc.a(_copy_data.o)
                0x00000032                __do_copy_data
 *(.init4)
 *(.init5)
 *(.init5)
 *(.init6)
 *(.init6)
 *(.init7)
 *(.init7)
 *(.init8)
 *(.init8)
 *(.init9)
 .init9         0x00000048        0x4 c:/winavr-20100110/bin/../lib/gcc/avr/4.3.3/../../../../avr/lib/avr4/crtm8.o
 *(.init9)
 *(.text)
 .text          0x0000004c        0x2 c:/winavr-20100110/bin/../lib/gcc/avr/4.3.3/../../../../avr/lib/avr4/crtm8.o
                0x0000004c                __vector_1
                0x0000004c                __vector_12
                0x0000004c                __bad_interrupt
                0x0000004c                __vector_6
                0x0000004c                __vector_3
                0x0000004c                __vector_11
                0x0000004c                __vector_13
                0x0000004c                __vector_17
                0x0000004c                __vector_7
                0x0000004c                __vector_5
                0x0000004c                __vector_4
                0x0000004c                __vector_9
                0x0000004c                __vector_2
                0x0000004c                __vector_15
                0x0000004c                __vector_8
                0x0000004c                __vector_14
                0x0000004c                __vector_10
                0x0000004c                __vector_16
                0x0000004c                __vector_18
 .text          0x0000004e        0x0 ./HD44780.o
 .text          0x0000004e        0x0 ./main.o
 .text          0x0000004e        0x0 c:/winavr-20100110/bin/../lib/gcc/avr/4.3.3/avr4\libgcc.a(_divmodhi4.o)
 .text          0x0000004e        0x0 c:/winavr-20100110/bin/../lib/gcc/avr/4.3.3/avr4\libgcc.a(_exit.o)
 .text          0x0000004e        0x0 c:/winavr-20100110/bin/../lib/gcc/avr/4.3.3/avr4\libgcc.a(_copy_data.o)
 .text          0x0000004e      0x1ea c:/winavr-20100110/bin/../lib/gcc/avr/4.3.3/avr4\libgcc.a(_mul_sf.o)
                0x0000004e                __mulsf3
 .text          0x00000238      0x14e c:/winavr-20100110/bin/../lib/gcc/avr/4.3.3/avr4\libgcc.a(_div_sf.o)
                0x00000238                __divsf3
 .text          0x00000386       0xb4 c:/winavr-20100110/bin/../lib/gcc/avr/4.3.3/avr4\libgcc.a(_si_to_sf.o)
                0x00000386                __floatsisf
 .text          0x0000043a       0xa2 c:/winavr-20100110/bin/../lib/gcc/avr/4.3.3/avr4\libgcc.a(_sf_to_si.o)
                0x0000043a                __fixsfsi
 .text          0x000004dc        0x0 c:/winavr-20100110/bin/../lib/gcc/avr/4.3.3/avr4\libgcc.a(_thenan_sf.o)
 .text          0x000004dc        0x0 c:/winavr-20100110/bin/../lib/gcc/avr/4.3.3/avr4\libgcc.a(_udivmodhi4.o)
 .text          0x000004dc        0x0 c:/winavr-20100110/bin/../lib/gcc/avr/4.3.3/avr4\libgcc.a(_prologue.o)
 .text          0x000004dc        0x0 c:/winavr-20100110/bin/../lib/gcc/avr/4.3.3/avr4\libgcc.a(_epilogue.o)
 .text          0x000004dc       0x9e c:/winavr-20100110/bin/../lib/gcc/avr/4.3.3/avr4\libgcc.a(_clzsi2.o)
                0x000004dc                __clzsi2
 .text          0x0000057a      0x1aa c:/winavr-20100110/bin/../lib/gcc/avr/4.3.3/avr4\libgcc.a(_pack_sf.o)
                0x0000057a                __pack_f
 .text          0x00000724       0xf0 c:/winavr-20100110/bin/../lib/gcc/avr/4.3.3/avr4\libgcc.a(_unpack_sf.o)
                0x00000724                __unpack_f
 .text          0x00000814        0x0 c:/winavr-20100110/bin/../lib/gcc/avr/4.3.3/avr4\libgcc.a(_clz.o)
 .text          0x00000814        0x0 c:/winavr-20100110/bin/../lib/gcc/avr/4.3.3/../../../../avr/lib/avr4\libc.a(sprintf.o)
 .text          0x00000814        0x0 c:/winavr-20100110/bin/../lib/gcc/avr/4.3.3/../../../../avr/lib/avr4\libc.a(vfprintf_std.o)
 .text          0x00000814        0x0 c:/winavr-20100110/bin/../lib/gcc/avr/4.3.3/../../../../avr/lib/avr4\libc.a(strnlen_P.o)
 .text          0x00000814        0x0 c:/winavr-20100110/bin/../lib/gcc/avr/4.3.3/../../../../avr/lib/avr4\libc.a(strnlen.o)
 .text          0x00000814        0x0 c:/winavr-20100110/bin/../lib/gcc/avr/4.3.3/../../../../avr/lib/avr4\libc.a(fputc.o)
 .text          0x00000814        0x0 c:/winavr-20100110/bin/../lib/gcc/avr/4.3.3/../../../../avr/lib/avr4\libc.a(ultoa_invert.o)
                0x00000814                . = ALIGN (0x2)
 *(.text.*)
 .text._LCD_OutNibble
                0x00000814       0x2a ./HD44780.o
                0x00000814                _LCD_OutNibble
 .text._LCD_Write
                0x0000083e       0x20 ./HD44780.o
                0x0000083e                _LCD_Write
 .text.LCD_WriteCommand
                0x0000085e        0x6 ./HD44780.o
                0x0000085e                LCD_WriteCommand
 .text.LCD_WriteData
                0x00000864        0x6 ./HD44780.o
                0x00000864                LCD_WriteData
 .text.LCD_WriteText
                0x0000086a       0x18 ./HD44780.o
                0x0000086a                LCD_WriteText
 .text.LCD_GoTo
                0x00000882       0x12 ./HD44780.o
                0x00000882                LCD_GoTo
 .text.LCD_Clear
                0x00000894        0xe ./HD44780.o
                0x00000894                LCD_Clear
 .text.LCD_Home
                0x000008a2        0xe ./HD44780.o
                0x000008a2                LCD_Home
 .text.LCD_Initalize
                0x000008b0       0x6c ./HD44780.o
                0x000008b0                LCD_Initalize
 .text.ADC_init
                0x0000091c       0x16 ./main.o
                0x0000091c                ADC_init
 .text.uint16_tADC_10bit
                0x00000932        0xe ./main.o
                0x00000932                uint16_tADC_10bit
 .text.ADC_10bit
                0x00000940        0xe ./main.o
                0x00000940                ADC_10bit
 .text.ADC_measure
                0x0000094e       0x38 ./main.o
                0x0000094e                ADC_measure
 .text.zadanie_3
                0x00000986       0x1e ./main.o
                0x00000986                zadanie_3
 .text.test     0x000009a4       0x6c ./main.o
                0x000009a4                test
 .text.test2    0x00000a10       0x2c ./main.o
                0x00000a10                test2
 .text.test3    0x00000a3c       0x22 ./main.o
                0x00000a3c                test3
 .text.main     0x00000a5e        0x8 ./main.o
                0x00000a5e                main
 .text.set_b_number
                0x00000a66       0x98 ./main.o
                0x00000a66                set_b_number
 .text.zadanie_4
                0x00000afe       0x3e ./main.o
                0x00000afe                zadanie_4
 .text.libgcc   0x00000b3c       0x26 c:/winavr-20100110/bin/../lib/gcc/avr/4.3.3/avr4\libgcc.a(_divmodhi4.o)
                0x00000b3c                __divmodhi4
                0x00000b3c                _div
 .text.libgcc   0x00000b62        0x0 c:/winavr-20100110/bin/../lib/gcc/avr/4.3.3/avr4\libgcc.a(_exit.o)
 .text.libgcc   0x00000b62        0x0 c:/winavr-20100110/bin/../lib/gcc/avr/4.3.3/avr4\libgcc.a(_copy_data.o)
 .text.libgcc   0x00000b62       0x28 c:/winavr-20100110/bin/../lib/gcc/avr/4.3.3/avr4\libgcc.a(_udivmodhi4.o)
                0x00000b62                __udivmodhi4
 .text.libgcc   0x00000b8a       0x38 c:/winavr-20100110/bin/../lib/gcc/avr/4.3.3/avr4\libgcc.a(_prologue.o)
                0x00000b8a                __prologue_saves__
 .text.libgcc   0x00000bc2       0x36 c:/winavr-20100110/bin/../lib/gcc/avr/4.3.3/avr4\libgcc.a(_epilogue.o)
                0x00000bc2                __epilogue_restores__
 .text.avr-libc
                0x00000bf8       0x42 c:/winavr-20100110/bin/../lib/gcc/avr/4.3.3/../../../../avr/lib/avr4\libc.a(sprintf.o)
                0x00000bf8                sprintf
 .text.avr-libc
                0x00000c3a      0x39c c:/winavr-20100110/bin/../lib/gcc/avr/4.3.3/../../../../avr/lib/avr4\libc.a(vfprintf_std.o)
                0x00000c3a                vfprintf
 .text.avr-libc
                0x00000fd6       0x16 c:/winavr-20100110/bin/../lib/gcc/avr/4.3.3/../../../../avr/lib/avr4\libc.a(strnlen_P.o)
                0x00000fd6                strnlen_P
 .text.avr-libc
                0x00000fec       0x16 c:/winavr-20100110/bin/../lib/gcc/avr/4.3.3/../../../../avr/lib/avr4\libc.a(strnlen.o)
                0x00000fec                strnlen
 .text.avr-libc
                0x00001002       0x58 c:/winavr-20100110/bin/../lib/gcc/avr/4.3.3/../../../../avr/lib/avr4\libc.a(fputc.o)
                0x00001002                fputc
 .text.avr-libc
                0x0000105a       0xbc c:/winavr-20100110/bin/../lib/gcc/avr/4.3.3/../../../../avr/lib/avr4\libc.a(ultoa_invert.o)
                0x0000105a                __ultoa_invert
                0x00001116                . = ALIGN (0x2)
 *(.fini9)
 .fini9         0x00001116        0x0 c:/winavr-20100110/bin/../lib/gcc/avr/4.3.3/avr4\libgcc.a(_exit.o)
                0x00001116                exit
                0x00001116                _exit
 *(.fini9)
 *(.fini8)
 *(.fini8)
 *(.fini7)
 *(.fini7)
 *(.fini6)
 *(.fini6)
 *(.fini5)
 *(.fini5)
 *(.fini4)
 *(.fini4)
 *(.fini3)
 *(.fini3)
 *(.fini2)
 *(.fini2)
 *(.fini1)
 *(.fini1)
 *(.fini0)
 .fini0         0x00001116        0x4 c:/winavr-20100110/bin/../lib/gcc/avr/4.3.3/avr4\libgcc.a(_exit.o)
 *(.fini0)
                0x0000111a                _etext = .

.data           0x00800060      0x128 load address 0x0000111a
                0x00800060                PROVIDE (__data_start, .)
 *(.data)
 .data          0x00800060        0x0 c:/winavr-20100110/bin/../lib/gcc/avr/4.3.3/../../../../avr/lib/avr4/crtm8.o
 .data          0x00800060        0x0 ./HD44780.o
 .data          0x00800060       0x1f ./main.o
 .data          0x0080007f        0x0 c:/winavr-20100110/bin/../lib/gcc/avr/4.3.3/avr4\libgcc.a(_divmodhi4.o)
 .data          0x0080007f        0x0 c:/winavr-20100110/bin/../lib/gcc/avr/4.3.3/avr4\libgcc.a(_exit.o)
 .data          0x0080007f        0x0 c:/winavr-20100110/bin/../lib/gcc/avr/4.3.3/avr4\libgcc.a(_copy_data.o)
 .data          0x0080007f        0x0 c:/winavr-20100110/bin/../lib/gcc/avr/4.3.3/avr4\libgcc.a(_mul_sf.o)
 .data          0x0080007f        0x0 c:/winavr-20100110/bin/../lib/gcc/avr/4.3.3/avr4\libgcc.a(_div_sf.o)
 .data          0x0080007f        0x0 c:/winavr-20100110/bin/../lib/gcc/avr/4.3.3/avr4\libgcc.a(_si_to_sf.o)
 .data          0x0080007f        0x0 c:/winavr-20100110/bin/../lib/gcc/avr/4.3.3/avr4\libgcc.a(_sf_to_si.o)
 .data          0x0080007f        0x8 c:/winavr-20100110/bin/../lib/gcc/avr/4.3.3/avr4\libgcc.a(_thenan_sf.o)
                0x0080007f                __thenan_sf
 .data          0x00800087        0x0 c:/winavr-20100110/bin/../lib/gcc/avr/4.3.3/avr4\libgcc.a(_udivmodhi4.o)
 .data          0x00800087        0x0 c:/winavr-20100110/bin/../lib/gcc/avr/4.3.3/avr4\libgcc.a(_prologue.o)
 .data          0x00800087        0x0 c:/winavr-20100110/bin/../lib/gcc/avr/4.3.3/avr4\libgcc.a(_epilogue.o)
 .data          0x00800087        0x0 c:/winavr-20100110/bin/../lib/gcc/avr/4.3.3/avr4\libgcc.a(_clzsi2.o)
 .data          0x00800087        0x0 c:/winavr-20100110/bin/../lib/gcc/avr/4.3.3/avr4\libgcc.a(_pack_sf.o)
 .data          0x00800087        0x0 c:/winavr-20100110/bin/../lib/gcc/avr/4.3.3/avr4\libgcc.a(_unpack_sf.o)
 .data          0x00800087      0x100 c:/winavr-20100110/bin/../lib/gcc/avr/4.3.3/avr4\libgcc.a(_clz.o)
                0x00800087                __clz_tab
 .data          0x00800187        0x0 c:/winavr-20100110/bin/../lib/gcc/avr/4.3.3/../../../../avr/lib/avr4\libc.a(sprintf.o)
 .data          0x00800187        0x0 c:/winavr-20100110/bin/../lib/gcc/avr/4.3.3/../../../../avr/lib/avr4\libc.a(vfprintf_std.o)
 .data          0x00800187        0x0 c:/winavr-20100110/bin/../lib/gcc/avr/4.3.3/../../../../avr/lib/avr4\libc.a(strnlen_P.o)
 .data          0x00800187        0x0 c:/winavr-20100110/bin/../lib/gcc/avr/4.3.3/../../../../avr/lib/avr4\libc.a(strnlen.o)
 .data          0x00800187        0x0 c:/winavr-20100110/bin/../lib/gcc/avr/4.3.3/../../../../avr/lib/avr4\libc.a(fputc.o)
 .data          0x00800187        0x0 c:/winavr-20100110/bin/../lib/gcc/avr/4.3.3/../../../../avr/lib/avr4\libc.a(ultoa_invert.o)
 *(.data*)
 *(.rodata)
 *(.rodata*)
 *(.gnu.linkonce.d*)
                0x00800188                . = ALIGN (0x2)
 *fill*         0x00800187        0x1 00
                0x00800188                _edata = .
                0x00800188                PROVIDE (__data_end, .)

.bss            0x00800188        0x0
                0x00800188                PROVIDE (__bss_start, .)
 *(.bss)
 .bss           0x00800188        0x0 c:/winavr-20100110/bin/../lib/gcc/avr/4.3.3/../../../../avr/lib/avr4/crtm8.o
 .bss           0x00800188        0x0 ./HD44780.o
 .bss           0x00800188        0x0 ./main.o
 .bss           0x00800188        0x0 c:/winavr-20100110/bin/../lib/gcc/avr/4.3.3/avr4\libgcc.a(_divmodhi4.o)
 .bss           0x00800188        0x0 c:/winavr-20100110/bin/../lib/gcc/avr/4.3.3/avr4\libgcc.a(_exit.o)
 .bss           0x00800188        0x0 c:/winavr-20100110/bin/../lib/gcc/avr/4.3.3/avr4\libgcc.a(_copy_data.o)
 .bss           0x00800188        0x0 c:/winavr-20100110/bin/../lib/gcc/avr/4.3.3/avr4\libgcc.a(_mul_sf.o)
 .bss           0x00800188        0x0 c:/winavr-20100110/bin/../lib/gcc/avr/4.3.3/avr4\libgcc.a(_div_sf.o)
 .bss           0x00800188        0x0 c:/winavr-20100110/bin/../lib/gcc/avr/4.3.3/avr4\libgcc.a(_si_to_sf.o)
 .bss           0x00800188        0x0 c:/winavr-20100110/bin/../lib/gcc/avr/4.3.3/avr4\libgcc.a(_sf_to_si.o)
 .bss           0x00800188        0x0 c:/winavr-20100110/bin/../lib/gcc/avr/4.3.3/avr4\libgcc.a(_thenan_sf.o)
 .bss           0x00800188        0x0 c:/winavr-20100110/bin/../lib/gcc/avr/4.3.3/avr4\libgcc.a(_udivmodhi4.o)
 .bss           0x00800188        0x0 c:/winavr-20100110/bin/../lib/gcc/avr/4.3.3/avr4\libgcc.a(_prologue.o)
 .bss           0x00800188        0x0 c:/winavr-20100110/bin/../lib/gcc/avr/4.3.3/avr4\libgcc.a(_epilogue.o)
 .bss           0x00800188        0x0 c:/winavr-20100110/bin/../lib/gcc/avr/4.3.3/avr4\libgcc.a(_clzsi2.o)
 .bss           0x00800188        0x0 c:/winavr-20100110/bin/../lib/gcc/avr/4.3.3/avr4\libgcc.a(_pack_sf.o)
 .bss           0x00800188        0x0 c:/winavr-20100110/bin/../lib/gcc/avr/4.3.3/avr4\libgcc.a(_unpack_sf.o)
 .bss           0x00800188        0x0 c:/winavr-20100110/bin/../lib/gcc/avr/4.3.3/avr4\libgcc.a(_clz.o)
 .bss           0x00800188        0x0 c:/winavr-20100110/bin/../lib/gcc/avr/4.3.3/../../../../avr/lib/avr4\libc.a(sprintf.o)
 .bss           0x00800188        0x0 c:/winavr-20100110/bin/../lib/gcc/avr/4.3.3/../../../../avr/lib/avr4\libc.a(vfprintf_std.o)
 .bss           0x00800188        0x0 c:/winavr-20100110/bin/../lib/gcc/avr/4.3.3/../../../../avr/lib/avr4\libc.a(strnlen_P.o)
 .bss           0x00800188        0x0 c:/winavr-20100110/bin/../lib/gcc/avr/4.3.3/../../../../avr/lib/avr4\libc.a(strnlen.o)
 .bss           0x00800188        0x0 c:/winavr-20100110/bin/../lib/gcc/avr/4.3.3/../../../../avr/lib/avr4\libc.a(fputc.o)
 .bss           0x00800188        0x0 c:/winavr-20100110/bin/../lib/gcc/avr/4.3.3/../../../../avr/lib/avr4\libc.a(ultoa_invert.o)
 *(.bss*)
 *(COMMON)
                0x00800188                PROVIDE (__bss_end, .)
                0x0000111a                __data_load_start = LOADADDR (.data)
                0x00001242                __data_load_end = (__data_load_start + SIZEOF (.data))

.noinit         0x00800188        0x0
                0x00800188                PROVIDE (__noinit_start, .)
 *(.noinit*)
                0x00800188                PROVIDE (__noinit_end, .)
                0x00800188                _end = .
                0x00800188                PROVIDE (__heap_start, .)

.eeprom         0x00810000        0x0
 *(.eeprom*)
                0x00810000                __eeprom_end = .

.fuse
 *(.fuse)
 *(.lfuse)
 *(.hfuse)
 *(.efuse)

.lock
 *(.lock*)

.signature
 *(.signature*)

.stab
 *(.stab)

.stabstr
 *(.stabstr)

.stab.excl
 *(.stab.excl)

.stab.exclstr
 *(.stab.exclstr)

.stab.index
 *(.stab.index)

.stab.indexstr
 *(.stab.indexstr)

.comment
 *(.comment)

.debug
 *(.debug)

.line
 *(.line)

.debug_srcinfo
 *(.debug_srcinfo)

.debug_sfnames
 *(.debug_sfnames)

.debug_aranges  0x00000000       0xe0
 *(.debug_aranges)
 .debug_aranges
                0x00000000       0x20 c:/winavr-20100110/bin/../lib/gcc/avr/4.3.3/avr4\libgcc.a(_mul_sf.o)
 .debug_aranges
                0x00000020       0x20 c:/winavr-20100110/bin/../lib/gcc/avr/4.3.3/avr4\libgcc.a(_div_sf.o)
 .debug_aranges
                0x00000040       0x20 c:/winavr-20100110/bin/../lib/gcc/avr/4.3.3/avr4\libgcc.a(_si_to_sf.o)
 .debug_aranges
                0x00000060       0x20 c:/winavr-20100110/bin/../lib/gcc/avr/4.3.3/avr4\libgcc.a(_sf_to_si.o)
 .debug_aranges
                0x00000080       0x20 c:/winavr-20100110/bin/../lib/gcc/avr/4.3.3/avr4\libgcc.a(_clzsi2.o)
 .debug_aranges
                0x000000a0       0x20 c:/winavr-20100110/bin/../lib/gcc/avr/4.3.3/avr4\libgcc.a(_pack_sf.o)
 .debug_aranges
                0x000000c0       0x20 c:/winavr-20100110/bin/../lib/gcc/avr/4.3.3/avr4\libgcc.a(_unpack_sf.o)

.debug_pubnames
                0x00000000      0x121
 *(.debug_pubnames)
 .debug_pubnames
                0x00000000       0x1f c:/winavr-20100110/bin/../lib/gcc/avr/4.3.3/avr4\libgcc.a(_mul_sf.o)
 .debug_pubnames
                0x0000001f       0x1f c:/winavr-20100110/bin/../lib/gcc/avr/4.3.3/avr4\libgcc.a(_div_sf.o)
 .debug_pubnames
                0x0000003e       0x22 c:/winavr-20100110/bin/../lib/gcc/avr/4.3.3/avr4\libgcc.a(_si_to_sf.o)
 .debug_pubnames
                0x00000060       0x20 c:/winavr-20100110/bin/../lib/gcc/avr/4.3.3/avr4\libgcc.a(_sf_to_si.o)
 .debug_pubnames
                0x00000080       0x22 c:/winavr-20100110/bin/../lib/gcc/avr/4.3.3/avr4\libgcc.a(_thenan_sf.o)
 .debug_pubnames
                0x000000a2       0x1f c:/winavr-20100110/bin/../lib/gcc/avr/4.3.3/avr4\libgcc.a(_clzsi2.o)
 .debug_pubnames
                0x000000c1       0x1f c:/winavr-20100110/bin/../lib/gcc/avr/4.3.3/avr4\libgcc.a(_pack_sf.o)
 .debug_pubnames
                0x000000e0       0x21 c:/winavr-20100110/bin/../lib/gcc/avr/4.3.3/avr4\libgcc.a(_unpack_sf.o)
 .debug_pubnames
                0x00000101       0x20 c:/winavr-20100110/bin/../lib/gcc/avr/4.3.3/avr4\libgcc.a(_clz.o)

.debug_info     0x00000000     0x1554
 *(.debug_info)
 .debug_info    0x00000000      0x485 c:/winavr-20100110/bin/../lib/gcc/avr/4.3.3/avr4\libgcc.a(_mul_sf.o)
 .debug_info    0x00000485      0x3fc c:/winavr-20100110/bin/../lib/gcc/avr/4.3.3/avr4\libgcc.a(_div_sf.o)
 .debug_info    0x00000881      0x207 c:/winavr-20100110/bin/../lib/gcc/avr/4.3.3/avr4\libgcc.a(_si_to_sf.o)
 .debug_info    0x00000a88      0x2b0 c:/winavr-20100110/bin/../lib/gcc/avr/4.3.3/avr4\libgcc.a(_sf_to_si.o)
 .debug_info    0x00000d38      0x12c c:/winavr-20100110/bin/../lib/gcc/avr/4.3.3/avr4\libgcc.a(_thenan_sf.o)
 .debug_info    0x00000e64      0x117 c:/winavr-20100110/bin/../lib/gcc/avr/4.3.3/avr4\libgcc.a(_clzsi2.o)
 .debug_info    0x00000f7b      0x2df c:/winavr-20100110/bin/../lib/gcc/avr/4.3.3/avr4\libgcc.a(_pack_sf.o)
 .debug_info    0x0000125a      0x251 c:/winavr-20100110/bin/../lib/gcc/avr/4.3.3/avr4\libgcc.a(_unpack_sf.o)
 .debug_info    0x000014ab       0xa9 c:/winavr-20100110/bin/../lib/gcc/avr/4.3.3/avr4\libgcc.a(_clz.o)
 *(.gnu.linkonce.wi.*)

.debug_abbrev   0x00000000      0xbe7
 *(.debug_abbrev)
 .debug_abbrev  0x00000000      0x21b c:/winavr-20100110/bin/../lib/gcc/avr/4.3.3/avr4\libgcc.a(_mul_sf.o)
 .debug_abbrev  0x0000021b      0x216 c:/winavr-20100110/bin/../lib/gcc/avr/4.3.3/avr4\libgcc.a(_div_sf.o)
 .debug_abbrev  0x00000431      0x148 c:/winavr-20100110/bin/../lib/gcc/avr/4.3.3/avr4\libgcc.a(_si_to_sf.o)
 .debug_abbrev  0x00000579      0x17f c:/winavr-20100110/bin/../lib/gcc/avr/4.3.3/avr4\libgcc.a(_sf_to_si.o)
 .debug_abbrev  0x000006f8       0xad c:/winavr-20100110/bin/../lib/gcc/avr/4.3.3/avr4\libgcc.a(_thenan_sf.o)
 .debug_abbrev  0x000007a5       0xc4 c:/winavr-20100110/bin/../lib/gcc/avr/4.3.3/avr4\libgcc.a(_clzsi2.o)
 .debug_abbrev  0x00000869      0x1c0 c:/winavr-20100110/bin/../lib/gcc/avr/4.3.3/avr4\libgcc.a(_pack_sf.o)
 .debug_abbrev  0x00000a29      0x154 c:/winavr-20100110/bin/../lib/gcc/avr/4.3.3/avr4\libgcc.a(_unpack_sf.o)
 .debug_abbrev  0x00000b7d       0x6a c:/winavr-20100110/bin/../lib/gcc/avr/4.3.3/avr4\libgcc.a(_clz.o)

.debug_line     0x00000000      0xad2
 *(.debug_line)
 .debug_line    0x00000000      0x239 c:/winavr-20100110/bin/../lib/gcc/avr/4.3.3/avr4\libgcc.a(_mul_sf.o)
 .debug_line    0x00000239      0x1d5 c:/winavr-20100110/bin/../lib/gcc/avr/4.3.3/avr4\libgcc.a(_div_sf.o)
 .debug_line    0x0000040e      0x135 c:/winavr-20100110/bin/../lib/gcc/avr/4.3.3/avr4\libgcc.a(_si_to_sf.o)
 .debug_line    0x00000543      0x109 c:/winavr-20100110/bin/../lib/gcc/avr/4.3.3/avr4\libgcc.a(_sf_to_si.o)
 .debug_line    0x0000064c       0x90 c:/winavr-20100110/bin/../lib/gcc/avr/4.3.3/avr4\libgcc.a(_thenan_sf.o)
 .debug_line    0x000006dc       0xa5 c:/winavr-20100110/bin/../lib/gcc/avr/4.3.3/avr4\libgcc.a(_clzsi2.o)
 .debug_line    0x00000781      0x18a c:/winavr-20100110/bin/../lib/gcc/avr/4.3.3/avr4\libgcc.a(_pack_sf.o)
 .debug_line    0x0000090b      0x14b c:/winavr-20100110/bin/../lib/gcc/avr/4.3.3/avr4\libgcc.a(_unpack_sf.o)
 .debug_line    0x00000a56       0x7c c:/winavr-20100110/bin/../lib/gcc/avr/4.3.3/avr4\libgcc.a(_clz.o)

.debug_frame    0x00000000       0xe0
 *(.debug_frame)
 .debug_frame   0x00000000       0x20 c:/winavr-20100110/bin/../lib/gcc/avr/4.3.3/avr4\libgcc.a(_mul_sf.o)
 .debug_frame   0x00000020       0x20 c:/winavr-20100110/bin/../lib/gcc/avr/4.3.3/avr4\libgcc.a(_div_sf.o)
 .debug_frame   0x00000040       0x20 c:/winavr-20100110/bin/../lib/gcc/avr/4.3.3/avr4\libgcc.a(_si_to_sf.o)
 .debug_frame   0x00000060       0x20 c:/winavr-20100110/bin/../lib/gcc/avr/4.3.3/avr4\libgcc.a(_sf_to_si.o)
 .debug_frame   0x00000080       0x20 c:/winavr-20100110/bin/../lib/gcc/avr/4.3.3/avr4\libgcc.a(_clzsi2.o)
 .debug_frame   0x000000a0       0x20 c:/winavr-20100110/bin/../lib/gcc/avr/4.3.3/avr4\libgcc.a(_pack_sf.o)
 .debug_frame   0x000000c0       0x20 c:/winavr-20100110/bin/../lib/gcc/avr/4.3.3/avr4\libgcc.a(_unpack_sf.o)

.debug_str      0x00000000      0x26b
 *(.debug_str)
 .debug_str     0x00000000      0x172 c:/winavr-20100110/bin/../lib/gcc/avr/4.3.3/avr4\libgcc.a(_mul_sf.o)
                                0x1bf (size before relaxing)
 .debug_str     0x00000172       0x35 c:/winavr-20100110/bin/../lib/gcc/avr/4.3.3/avr4\libgcc.a(_div_sf.o)
                                0x1c8 (size before relaxing)
 .debug_str     0x000001a7       0x1e c:/winavr-20100110/bin/../lib/gcc/avr/4.3.3/avr4\libgcc.a(_si_to_sf.o)
                                0x17b (size before relaxing)
 .debug_str     0x000001c5        0xa c:/winavr-20100110/bin/../lib/gcc/avr/4.3.3/avr4\libgcc.a(_sf_to_si.o)
                                0x19e (size before relaxing)
 .debug_str     0x00000000      0x103 c:/winavr-20100110/bin/../lib/gcc/avr/4.3.3/avr4\libgcc.a(_thenan_sf.o)
 .debug_str     0x000001cf       0x81 c:/winavr-20100110/bin/../lib/gcc/avr/4.3.3/avr4\libgcc.a(_clzsi2.o)
                                0x111 (size before relaxing)
 .debug_str     0x00000250       0x10 c:/winavr-20100110/bin/../lib/gcc/avr/4.3.3/avr4\libgcc.a(_pack_sf.o)
                                0x19d (size before relaxing)
 .debug_str     0x00000260        0xb c:/winavr-20100110/bin/../lib/gcc/avr/4.3.3/avr4\libgcc.a(_unpack_sf.o)
                                0x17f (size before relaxing)
 .debug_str     0x00000000       0xf4 c:/winavr-20100110/bin/../lib/gcc/avr/4.3.3/avr4\libgcc.a(_clz.o)

.debug_loc      0x00000000      0x56c
 *(.debug_loc)
 .debug_loc     0x00000000      0x104 c:/winavr-20100110/bin/../lib/gcc/avr/4.3.3/avr4\libgcc.a(_mul_sf.o)
 .debug_loc     0x00000104       0xc0 c:/winavr-20100110/bin/../lib/gcc/avr/4.3.3/avr4\libgcc.a(_div_sf.o)
 .debug_loc     0x000001c4       0xac c:/winavr-20100110/bin/../lib/gcc/avr/4.3.3/avr4\libgcc.a(_si_to_sf.o)
 .debug_loc     0x00000270       0x7e c:/winavr-20100110/bin/../lib/gcc/avr/4.3.3/avr4\libgcc.a(_sf_to_si.o)
 .debug_loc     0x000002ee       0x94 c:/winavr-20100110/bin/../lib/gcc/avr/4.3.3/avr4\libgcc.a(_clzsi2.o)
 .debug_loc     0x00000382      0x13e c:/winavr-20100110/bin/../lib/gcc/avr/4.3.3/avr4\libgcc.a(_pack_sf.o)
 .debug_loc     0x000004c0       0xac c:/winavr-20100110/bin/../lib/gcc/avr/4.3.3/avr4\libgcc.a(_unpack_sf.o)

.debug_macinfo
 *(.debug_macinfo)
OUTPUT(Atmega8_proj1.elf elf32-avr)
LOAD linker stubs

.debug_ranges   0x00000000       0x50
 .debug_ranges  0x00000000       0x50 c:/winavr-20100110/bin/../lib/gcc/avr/4.3.3/avr4\libgcc.a(_mul_sf.o)
